// Jest Snapshot v1, https://goo.gl/fbAQLP

exports[`FlashcardList Component should match a snapshot 1`] = `
<section
  className="FlashcardList"
>
  <Connect(PracticeList)
    activeItemIndex={null}
    onItemClicked={[Function]}
    practiceMaterials={
      Array [
        Object {
          "audioNormal": "BCC-002-01-001-N",
          "audioSlow": "BCC-002-01-002-S",
          "cardType": "B",
          "characters": "一",
          "english": "one",
          "id": "BCC-002-01-001",
          "pinyin": "yī",
        },
        Object {
          "audioNormal": "BCC-002-01-002-N",
          "audioSlow": "BCC-002-01-003-S",
          "cardType": "B",
          "characters": "二",
          "english": "two",
          "id": "BCC-002-01-002",
          "pinyin": "èr",
        },
        Object {
          "audioNormal": "BCC-002-01-003-N",
          "audioSlow": "BCC-002-01-004-S",
          "cardType": "B",
          "characters": "三",
          "english": "three",
          "id": "BCC-002-01-003",
          "pinyin": "sān",
        },
        Object {
          "audioNormal": "BCC-002-01-004-N",
          "audioSlow": "BCC-002-01-005-S",
          "cardType": "B",
          "characters": "四",
          "english": "four",
          "id": "BCC-002-01-004",
          "pinyin": "sì",
        },
        Object {
          "audioNormal": "BCC-002-01-005-N",
          "audioSlow": "BCC-002-01-006-S",
          "cardType": "B",
          "characters": "五",
          "english": "five",
          "id": "BCC-002-01-005",
          "pinyin": "wǔ",
        },
        Object {
          "audioNormal": "BCC-002-01-006-N",
          "audioSlow": "BCC-002-01-007-S",
          "cardType": "B",
          "characters": "六",
          "english": "six",
          "id": "BCC-002-01-006",
          "pinyin": "liù",
        },
        Object {
          "audioNormal": "BCC-002-01-007-N",
          "audioSlow": "BCC-002-01-008-S",
          "cardType": "B",
          "characters": "七",
          "english": "seven",
          "id": "BCC-002-01-007",
          "pinyin": "qī",
        },
        Object {
          "audioNormal": "BCC-002-01-008-N",
          "audioSlow": "BCC-002-01-009-S",
          "cardType": "B",
          "characters": "八",
          "english": "eight",
          "id": "BCC-002-01-008",
          "pinyin": "bā",
        },
        Object {
          "audioNormal": "BCC-002-01-009-N",
          "audioSlow": "BCC-002-01-010-S",
          "cardType": "B",
          "characters": "九",
          "english": "nine",
          "id": "BCC-002-01-009",
          "pinyin": "jiǔ",
        },
        Object {
          "audioNormal": "BCC-002-01-010-N",
          "audioSlow": "BCC-002-01-011-S",
          "cardType": "B",
          "characters": "十",
          "english": "ten",
          "id": "BCC-002-01-010",
          "pinyin": "shí",
        },
        Object {
          "audioNormal": "BCC-002-01-011-N",
          "audioSlow": "BCC-002-01-001-S",
          "cardType": "B",
          "characters": "零",
          "english": "zero",
          "id": "BCC-002-01-011",
          "pinyin": "líng",
        },
      ]
    }
  >
    <MdStar
      className="icon star"
    />
  </Connect(PracticeList)>
  <audio
    id="flashcards-list-audio"
    src="https://cdn.yoyochinese.com/audio/practice/BCC-002-01-001-N.mp3"
  />
  <footer
    className="footer-button-container"
  >
    <SignalButton
      buttonType="neutral"
      click={[Function]}
    >
      <SVGIcon
        className="flashcards-icon"
        d="M27.55,2.17L17.12,0a1.83,1.83,0,0,0-2,1H8.55A1.8,1.8,0,0,0,6.73,2.76V2.82L1.44,3.9A1.76,1.76,0,0,0,0,5.95V6L3.42,21.6A1.81,1.81,0,0,0,5.57,23L17,20.63a1.88,1.88,0,0,0,.46-0.17h2.27l3.69,0.76a1.81,1.81,0,0,0,2.15-1.36L29,4.24a1.76,1.76,0,0,0-1.37-2.07h0Zm-22,18.61a0.2,0.2,0,0,1-.22-0.15L2.16,6.13a0.18,0.18,0,0,1,.15-0.22L6.73,5v13.7a1.75,1.75,0,0,0,1.07,1.6ZM9,18.32a0.18,0.18,0,0,1-.19-0.18h0V3.33A0.2,0.2,0,0,1,9,3.14H14.6l-0.8,3.7L11.6,17a1.7,1.7,0,0,0,.25,1.3H9ZM23.7,18.89a0.2,0.2,0,0,1-.22.15l-1.41-.3-2.19-.44L18.3,18l-2.19-.44-2.25-.46a0.18,0.18,0,0,1-.15-0.21h0l1.13-5.2,1-4.83,0.8-3.7,0.17-.77a0.2,0.2,0,0,1,.22-0.15l5,1,4.63,1a0.18,0.18,0,0,1,.15.21h0Zm-2-12.59,0.87,0.24c0.27,0.08.32,0.23,0.16,0.45L21.15,9S21,9.14,21.07,9.2a0.18,0.18,0,0,0,.16,0l2,0.07h0.15a0.28,0.28,0,0,1,.25.16,0.23,0.23,0,0,1-.07.27L22.28,11.2,18.8,15.08l-0.07.08a0.29,0.29,0,0,1-.4.07,0.24,0.24,0,0,1-.07-0.33l0,0,1.3-2.2,1-1.73c0.07-.11.06-0.14-0.08-0.14l-2.15-.07H18.22A0.25,0.25,0,0,1,18,10.3l1.64-2.79c0.25-.43.51-0.85,0.75-1.28a0.32,0.32,0,0,1,.41-0.17Z"
        height={24}
        viewBox="0 0 30 24"
        width={30}
      />
      <span
        className="button-text"
      >
        Practice
      </span>
    </SignalButton>
    <PlayAllButton
      click={[Function]}
    />
  </footer>
</section>
`;
